✓ Initialized. View run at https://modal.com/apps/ahicks7190/main/ap-XYM5hytRLoV2VfLIiuOW0E
Building image im-dkGfJDwPlhdWqYeOwuwdpg

=> Step 0: FROM base

=> Step 1: RUN python -m pip install 'numpy>=1.24.0' 'pandas>=2.0.0' 'prophet>=1.1.5' 'pystan<3.0'
Looking in indexes: http://pypi-mirror.modal.local:5555/simple
Collecting numpy>=1.24.0
  Downloading http://pypi-mirror.modal.local:5555/simple/numpy/numpy-2.3.4-cp311-cp311-manylinux_2_27_x86_64.manylinux_2_28_x86_64.whl.metadata (62 kB)
Collecting pandas>=2.0.0
  Downloading http://pypi-mirror.modal.local:5555/simple/pandas/pandas-2.3.3-cp311-cp311-manylinux_2_24_x86_64.manylinux_2_28_x86_64.whl.metadata (91 kB)
Collecting prophet>=1.1.5
  Downloading http://pypi-mirror.modal.local:5555/simple/prophet/prophet-1.2.1-py3-none-manylinux2014_x86_64.manylinux_2_17_x86_64.whl.metadata (3.5 kB)
Collecting pystan<3.0
  Downloading http://pypi-mirror.modal.local:5555/simple/pystan/pystan-2.19.1.1.tar.gz (16.2 MB)
     ━━━━━━━━━━━━━━━━━━━━━━━━━━━━━━━━━━━━━━━━ 16.2/16.2 MB 154.2 MB/s  0:00:00
  Preparing metadata (setup.py): started
  Preparing metadata (setup.py): finished with status 'done'
Collecting Cython!=0.25.1,>=0.22 (from pystan<3.0)
  Downloading http://pypi-mirror.modal.local:5555/simple/cython/cython-3.1.6-cp311-cp311-manylinux2014_x86_64.manylinux_2_17_x86_64.manylinux_2_28_x86_64.whl.metadata (4.0 kB)
Collecting python-dateutil>=2.8.2 (from pandas>=2.0.0)
  Downloading http://pypi-mirror.modal.local:5555/simple/python-dateutil/python_dateutil-2.9.0.post0-py2.py3-none-any.whl.metadata (8.4 kB)
Collecting pytz>=2020.1 (from pandas>=2.0.0)
  Downloading http://pypi-mirror.modal.local:5555/simple/pytz/pytz-2025.2-py2.py3-none-any.whl.metadata (22 kB)
Collecting tzdata>=2022.7 (from pandas>=2.0.0)
  Downloading http://pypi-mirror.modal.local:5555/simple/tzdata/tzdata-2025.2-py2.py3-none-any.whl.metadata (1.4 kB)
Collecting cmdstanpy>=1.0.4 (from prophet>=1.1.5)
  Downloading http://pypi-mirror.modal.local:5555/simple/cmdstanpy/cmdstanpy-1.3.0-py3-none-any.whl.metadata (4.2 kB)
Collecting matplotlib>=2.0.0 (from prophet>=1.1.5)
  Downloading http://pypi-mirror.modal.local:5555/simple/matplotlib/matplotlib-3.10.7-cp311-cp311-manylinux2014_x86_64.manylinux_2_17_x86_64.whl.metadata (11 kB)
Collecting holidays<1,>=0.25 (from prophet>=1.1.5)
  Downloading http://pypi-mirror.modal.local:5555/simple/holidays/holidays-0.83-py3-none-any.whl.metadata (50 kB)
Collecting tqdm>=4.36.1 (from prophet>=1.1.5)
  Downloading http://pypi-mirror.modal.local:5555/simple/tqdm/tqdm-4.67.1-py3-none-any.whl.metadata (57 kB)
Collecting importlib_resources (from prophet>=1.1.5)
  Downloading http://pypi-mirror.modal.local:5555/simple/importlib-resources/importlib_resources-6.5.2-py3-none-any.whl.metadata (3.9 kB)
Collecting stanio<2.0.0,>=0.4.0 (from cmdstanpy>=1.0.4->prophet>=1.1.5)
  Downloading http://pypi-mirror.modal.local:5555/simple/stanio/stanio-0.5.1-py3-none-any.whl.metadata (1.6 kB)
Collecting contourpy>=1.0.1 (from matplotlib>=2.0.0->prophet>=1.1.5)
  Downloading http://pypi-mirror.modal.local:5555/simple/contourpy/contourpy-1.3.3-cp311-cp311-manylinux_2_27_x86_64.manylinux_2_28_x86_64.whl.metadata (5.5 kB)
Collecting cycler>=0.10 (from matplotlib>=2.0.0->prophet>=1.1.5)
  Downloading http://pypi-mirror.modal.local:5555/simple/cycler/cycler-0.12.1-py3-none-any.whl.metadata (3.8 kB)
Collecting fonttools>=4.22.0 (from matplotlib>=2.0.0->prophet>=1.1.5)
  Downloading http://pypi-mirror.modal.local:5555/simple/fonttools/fonttools-4.60.1-cp311-cp311-manylinux2014_x86_64.manylinux_2_17_x86_64.whl.metadata (112 kB)
Collecting kiwisolver>=1.3.1 (from matplotlib>=2.0.0->prophet>=1.1.5)
  Downloading http://pypi-mirror.modal.local:5555/simple/kiwisolver/kiwisolver-1.4.9-cp311-cp311-manylinux2014_x86_64.manylinux_2_17_x86_64.whl.metadata (6.3 kB)
Collecting packaging>=20.0 (from matplotlib>=2.0.0->prophet>=1.1.5)
  Downloading http://pypi-mirror.modal.local:5555/simple/packaging/packaging-25.0-py3-none-any.whl.metadata (3.3 kB)
Collecting pillow>=8 (from matplotlib>=2.0.0->prophet>=1.1.5)
  Downloading http://pypi-mirror.modal.local:5555/simple/pillow/pillow-12.0.0-cp311-cp311-manylinux_2_27_x86_64.manylinux_2_28_x86_64.whl.metadata (8.8 kB)
Collecting pyparsing>=3 (from matplotlib>=2.0.0->prophet>=1.1.5)
  Downloading http://pypi-mirror.modal.local:5555/simple/pyparsing/pyparsing-3.2.5-py3-none-any.whl.metadata (5.0 kB)
Collecting six>=1.5 (from python-dateutil>=2.8.2->pandas>=2.0.0)
  Downloading http://pypi-mirror.modal.local:5555/simple/six/six-1.17.0-py2.py3-none-any.whl.metadata (1.7 kB)
Downloading http://pypi-mirror.modal.local:5555/simple/numpy/numpy-2.3.4-cp311-cp311-manylinux_2_27_x86_64.manylinux_2_28_x86_64.whl (16.9 MB)
   ━━━━━━━━━━━━━━━━━━━━━━━━━━━━━━━━━━━━━━━━ 16.9/16.9 MB 149.9 MB/s  0:00:00
Downloading http://pypi-mirror.modal.local:5555/simple/pandas/pandas-2.3.3-cp311-cp311-manylinux_2_24_x86_64.manylinux_2_28_x86_64.whl (12.8 MB)
   ━━━━━━━━━━━━━━━━━━━━━━━━━━━━━━━━━━━━━━━━ 12.8/12.8 MB 126.9 MB/s  0:00:00
Downloading http://pypi-mirror.modal.local:5555/simple/prophet/prophet-1.2.1-py3-none-manylinux2014_x86_64.manylinux_2_17_x86_64.whl (12.1 MB)
   ━━━━━━━━━━━━━━━━━━━━━━━━━━━━━━━━━━━━━━━━ 12.1/12.1 MB 99.0 MB/s  0:00:00
Downloading http://pypi-mirror.modal.local:5555/simple/holidays/holidays-0.83-py3-none-any.whl (1.3 MB)
   ━━━━━━━━━━━━━━━━━━━━━━━━━━━━━━━━━━━━━━━━ 1.3/1.3 MB 315.2 MB/s  0:00:00
Downloading http://pypi-mirror.modal.local:5555/simple/cmdstanpy/cmdstanpy-1.3.0-py3-none-any.whl (99 kB)
Downloading http://pypi-mirror.modal.local:5555/simple/stanio/stanio-0.5.1-py3-none-any.whl (8.1 kB)
Downloading http://pypi-mirror.modal.local:5555/simple/cython/cython-3.1.6-cp311-cp311-manylinux2014_x86_64.manylinux_2_17_x86_64.manylinux_2_28_x86_64.whl (3.3 MB)
   ━━━━━━━━━━━━━━━━━━━━━━━━━━━━━━━━━━━━━━━━ 3.3/3.3 MB 146.6 MB/s  0:00:00
Downloading http://pypi-mirror.modal.local:5555/simple/matplotlib/matplotlib-3.10.7-cp311-cp311-manylinux2014_x86_64.manylinux_2_17_x86_64.whl (8.7 MB)
   ━━━━━━━━━━━━━━━━━━━━━━━━━━━━━━━━━━━━━━━━ 8.7/8.7 MB 211.3 MB/s  0:00:00
Downloading http://pypi-mirror.modal.local:5555/simple/contourpy/contourpy-1.3.3-cp311-cp311-manylinux_2_27_x86_64.manylinux_2_28_x86_64.whl (355 kB)
Downloading http://pypi-mirror.modal.local:5555/simple/cycler/cycler-0.12.1-py3-none-any.whl (8.3 kB)
Downloading http://pypi-mirror.modal.local:5555/simple/fonttools/fonttools-4.60.1-cp311-cp311-manylinux2014_x86_64.manylinux_2_17_x86_64.whl (5.0 MB)
   ━━━━━━━━━━━━━━━━━━━━━━━━━━━━━━━━━━━━━━━━ 5.0/5.0 MB 102.0 MB/s  0:00:00
Downloading http://pypi-mirror.modal.local:5555/simple/kiwisolver/kiwisolver-1.4.9-cp311-cp311-manylinux2014_x86_64.manylinux_2_17_x86_64.whl (1.4 MB)
   ━━━━━━━━━━━━━━━━━━━━━━━━━━━━━━━━━━━━━━━━ 1.4/1.4 MB 164.3 MB/s  0:00:00
Downloading http://pypi-mirror.modal.local:5555/simple/packaging/packaging-25.0-py3-none-any.whl (66 kB)
Downloading http://pypi-mirror.modal.local:5555/simple/pillow/pillow-12.0.0-cp311-cp311-manylinux_2_27_x86_64.manylinux_2_28_x86_64.whl (7.0 MB)
   ━━━━━━━━━━━━━━━━━━━━━━━━━━━━━━━━━━━━━━━━ 7.0/7.0 MB 122.8 MB/s  0:00:00
Downloading http://pypi-mirror.modal.local:5555/simple/pyparsing/pyparsing-3.2.5-py3-none-any.whl (113 kB)
Downloading http://pypi-mirror.modal.local:5555/simple/python-dateutil/python_dateutil-2.9.0.post0-py2.py3-none-any.whl (229 kB)
Downloading http://pypi-mirror.modal.local:5555/simple/pytz/pytz-2025.2-py2.py3-none-any.whl (509 kB)
Downloading http://pypi-mirror.modal.local:5555/simple/six/six-1.17.0-py2.py3-none-any.whl (11 kB)
Downloading http://pypi-mirror.modal.local:5555/simple/tqdm/tqdm-4.67.1-py3-none-any.whl (78 kB)
Downloading http://pypi-mirror.modal.local:5555/simple/tzdata/tzdata-2025.2-py2.py3-none-any.whl (347 kB)
Downloading http://pypi-mirror.modal.local:5555/simple/importlib-resources/importlib_resources-6.5.2-py3-none-any.whl (37 kB)
Building wheels for collected packages: pystan
  Building wheel for pystan (setup.py): started
  DEPRECATION: Building 'pystan' using the legacy setup.py bdist_wheel mechanism, which will be removed in a future version. pip 25.3 will enforce this behaviour change. A possible replacement is to use the standardized build interface by setting the `--use-pep517` option, (possibly combined with `--no-build-isolation`), or adding a `pyproject.toml` file to the source tree of 'pystan'. Discussion can be found at https://github.com/pypa/pip/issues/6334
  Building wheel for pystan (setup.py): finished with status 'error'
  Running setup.py clean for pystan
  error: subprocess-exited-with-error
  
  × python setup.py bdist_wheel did not run successfully.
  │ exit code: 1
  ╰─> [1 lines of output]
      Cython>=0.22 and NumPy are required.
      [end of output]
  
  note: This error originates from a subprocess, and is likely not a problem with pip.
  ERROR: Failed building wheel for pystan
Failed to build pystan

[notice] A new release of pip is available: 25.2 -> 25.3
[notice] To update, run: pip install --upgrade pip
error: failed-wheel-build-for-install

× Failed to build installable wheels for some pyproject.toml based projects
╰─> pystan
Terminating task due to error: failed to run builder command "python -m pip install 'numpy>=1.24.0' 'pandas>=2.0.0' 'prophet>=1.1.5' 'pystan<3.0'": container exit status: 1
Runner failed with exit code: -1
Stopping app - uncaught exception raised locally: RemoteError('Image build for im-dkGfJDwPlhdWqYeOwuwdpg failed. See build logs for more details.').
╭─ Error ──────────────────────────────────────────────────────────────────────────────────────────────────────────────────────────────────────────────────────────────────────────────────────────────────────────────────────────────╮
│ Image build for im-dkGfJDwPlhdWqYeOwuwdpg failed. See build logs for more details.                                                                                                                                                   │
╰──────────────────────────────────────────────────────────────────────────────────────────────────────────────────────────────────────────────────────────────────────────────────────────────────────────────────────────────────────╯
